// Jest Snapshot v1, https://goo.gl/fbAQLP

exports[`it should pass 1`] = `
Object {
  "body": Array [
    Object {
      "kind": "CallExpressionNode",
      "props": Object {
        "argument": Object {
          "kind": "BinaryExpressionNode",
          "props": Object {
            "left": Object {
              "kind": "NumericLiteralNode",
              "props": Object {
                "value": "1",
              },
            },
            "operator": Object {
              "kind": "PlusToken",
            },
            "right": Object {
              "kind": "NumericLiteralNode",
              "props": Object {
                "value": "3",
              },
            },
          },
        },
        "identifier": Object {
          "kind": "IdentifierToken",
          "value": "log",
        },
      },
    },
  ],
}
`;
